node.exe : ΓÜá Warning: 
Next.js inferred your 
workspace root, but it may 
not be correct.
At C:\Program 
Files\nodejs\npx.ps1:29 
char:3
+   & $NODE_EXE $NPX_CLI_JS 
$args
+   
~~~~~~~~~~~~~~~~~~~~~~~~~~~~~
    + CategoryInfo           
   : NotSpecified: (ΓÜá War  
  ning: Ne...not be correc   
 t.:String) [], RemoteExc    
eption
    + FullyQualifiedErrorId  
   : NativeCommandError
 
 We detected multiple 
lockfiles and selected the 
directory of C:\Users\febajos
y\OneDrive\Desktop\Scan4Serve
\package-lock.json as the 
root directory.
 To silence this warning, 
set `turbopack.root` in your 
Next.js config, or consider 
removing one of the 
lockfiles if it's not needed.
   See https://nextjs.org/doc
s/app/api-reference/config/ne
xt-config-js/turbopack#root-d
irectory for more 
information.
 Detected additional 
lockfiles: 
   * C:\Users\febajosy\OneDri
ve\Desktop\Scan4Serve\scan4se
rve\package-lock.json

Γû▓ Next.js 16.1.6 (Turbopack)
- Environments: .env.local

ΓÜá The "middleware" file 
convention is deprecated. 
Please use "proxy" instead. 
Learn more: https://nextjs.or
g/docs/messages/middleware-to
-proxy
  Creating an optimized production build ...
Γ£ô Compiled successfully in 8.0s
  Running TypeScript ...
Failed to compile.

.next/dev/types/validator.ts:
252:31
Type error: Type 'typeof impo
rt("C:/Users/febajosy/OneDriv
e/Desktop/Scan4Serve/scan4ser
ve/app/api/customer/orders/[o
rderId]/route")' does not 
satisfy the constraint 'Route
HandlerConfig<"/api/customer/
orders/[orderId]">'.
  Types of property 'GET' 
are incompatible.
    Type '(req: NextRequest, 
{ params }: { params: { 
orderId: string; }; }) => 
Promise<NextResponse<{ 
success: boolean; data: { 
id: string; status: string; 
paymentStatus: string; 
items: JsonArray; 
totalAmount: Decimal; 
estimatedTimeMinutes: number 
| null; createdAt: Date; 
updatedAt: Date; 
tableNumber: number; }; }> | 
NextResp...' is not 
assignable to type 
'(request: NextRequest, 
context: { params: Promise<{ 
orderId: string; }>; }) => 
void | Response | 
Promise<void | Response>'.
      Types of parameters 
'__1' and 'context' are 
incompatible.
        Type '{ params: 
Promise<{ orderId: string; 
}>; }' is not assignable to 
type '{ params: { orderId: 
string; }; }'.
          Types of property 
'params' are incompatible.
            Property 
'orderId' is missing in type 
'Promise<{ orderId: string; 
}>' but required in type '{ 
orderId: string; }'.

[0m [90m 250 |[39m   type 
__IsExpected[33m<[39m[33mS
pecific[39m 
[36mextends[39m [33mRouteH
andlerConfig[39m[33m<[39m
[32m"/api/customer/orders/[or
derId]"[39m[33m>>[39m 
[33m=[39m 
[33mSpecific[39m
 [90m 251 |[39m   
[36mconst[39m handler 
[33m=[39m {} [36mas[39m 
[36mtypeof[39m [36mimport
[39m([32m"../../../app/api/c
ustomer/orders/[orderId]/rout
e.js"[39m)
[31m[1m>[22m[39m[90m 
252 |[39m   type __Check 
[33m=[39m __IsExpected[33m
<[39m[36mtypeof[39m 
handler[33m>[39m
 [90m     |[39m            
                   
[31m[1m^[22m[39m
 [90m 253 |[39m   [90m// 
@ts-ignore[39m
 [90m 254 |[39m   type 
__Unused [33m=[39m __Check
 [90m 255 |[39m }[0m
Next.js build worker exited 
with code: 1 and signal: null
